// Jest Snapshot v1, https://goo.gl/fbAQLP

exports[`Counter Render generate AllocateGroup snapshot 1`] = `
<Counter>
  <div>
    <div
      className="row"
    >
      <button
        aria-label="Increment value"
        className="button"
        onClick={[Function]}
      >
        +
      </button>
      <span
        className="value"
      >
        0
      </span>
      <span
        className="value"
      >
        doubleCount: 
        0
      </span>
      <button
        aria-label="Decrement value"
        className="button"
        onClick={[Function]}
      >
        -
      </button>
    </div>
    <div
      className="row"
    >
      <input
        aria-label="Set increment amount"
        className="textbox"
        onChange={[Function]}
        value={2}
      />
      <button
        className="button"
        onClick={[Function]}
      >
        Add Amount
      </button>
      <button
        className="asyncButton"
        onClick={[Function]}
      >
        Add Async
      </button>
      <button
        className="normalButton"
        onClick={[Function]}
      >
        Add Big Value
      </button>
    </div>
  </div>
</Counter>
`;
